// Jest Snapshot v1, https://goo.gl/fbAQLP

exports[`All_snapshot_1 1`] = `
<table
  class="table"
>
  <thead>
    <tr>
      <th>
        Type
      </th>
      <th>
        Recipient
      </th>
      <th>
        Originator
      </th>
      <th>
        Message
      </th>
      <th>
        Status
      </th>
      <th>
        Date
      </th>
      <th />
    </tr>
  </thead>
  <tbody>
    <tr>
      <td
        class="sc-EHOje cRULWI"
      >
        Outgoing
      </td>
      <td
        class="sc-EHOje cRULWI"
      >
        31612345678
      </td>
      <td
        class="sc-EHOje cRULWI"
      >
        MessageBird
      </td>
      <td
        class="sc-EHOje cRULWI"
      >
        The message to be sent
      </td>
      <td
        class="sc-EHOje cRULWI"
      >
        sent
      </td>
      <td
        class="sc-EHOje cRULWI"
      >
        29-04-16 11:42
      </td>
    </tr>
  </tbody>
</table>
`;
